==3777== Memcheck, a memory error detector
==3777== Copyright (C) 2002-2017, and GNU GPL'd, by Julian Seward et al.
==3777== Using Valgrind-3.18.1 and LibVEX; rerun with -h for copyright info
==3777== Command: ./Lab2 ../data/att7.txt valgrind --tool=memcheck --leak-check=full --track-origins=yes ./Lab2 ../data/att7.txt
==3777== 
==3777== Invalid write of size 2
==3777==    at 0x1123F8: solve_TSP_with_dp_fast_v3(std::vector<std::vector<unsigned short, std::allocator<unsigned short> >, std::allocator<std::vector<unsigned short, std::allocator<unsigned short> > > > const&, bool) (Algorithms.cpp:449)
==3777==    by 0x10B21E: solve_fast_v3(std::vector<std::vector<unsigned short, std::allocator<unsigned short> >, std::allocator<std::vector<unsigned short, std::allocator<unsigned short> > > > const&, bool) (main.cpp:102)
==3777==    by 0x10B5E7: main (main.cpp:131)
==3777==  Address 0x4dd81d2 is 0 bytes after a block of size 2 alloc'd
==3777==    at 0x4849013: operator new(unsigned long) (in /usr/libexec/valgrind/vgpreload_memcheck-amd64-linux.so)
==3777==    by 0x10FCE3: __gnu_cxx::new_allocator<unsigned short>::allocate(unsigned long, void const*) (new_allocator.h:127)
==3777==    by 0x10F88C: allocate (allocator.h:185)
==3777==    by 0x10F88C: std::allocator_traits<std::allocator<unsigned short> >::allocate(std::allocator<unsigned short>&, unsigned long) (alloc_traits.h:464)
==3777==    by 0x10F56B: std::_Vector_base<unsigned short, std::allocator<unsigned short> >::_M_allocate(unsigned long) (stl_vector.h:346)
==3777==    by 0x10F160: std::_Vector_base<unsigned short, std::allocator<unsigned short> >::_M_create_storage(unsigned long) (stl_vector.h:361)
==3777==    by 0x10EAEE: std::_Vector_base<unsigned short, std::allocator<unsigned short> >::_Vector_base(unsigned long, std::allocator<unsigned short> const&) (stl_vector.h:305)
==3777==    by 0x10FE50: std::vector<unsigned short, std::allocator<unsigned short> >::vector(std::vector<unsigned short, std::allocator<unsigned short> > const&) (stl_vector.h:555)
==3777==    by 0x10FBBE: void std::_Construct<std::vector<unsigned short, std::allocator<unsigned short> >, std::vector<unsigned short, std::allocator<unsigned short> > const&>(std::vector<unsigned short, std::allocator<unsigned short> >*, std::vector<unsigned short, std::allocator<unsigned short> > const&) (stl_construct.h:119)
==3777==    by 0x10F964: std::vector<unsigned short, std::allocator<unsigned short> >* std::__uninitialized_fill_n<false>::__uninit_fill_n<std::vector<unsigned short, std::allocator<unsigned short> >*, unsigned long, std::vector<unsigned short, std::allocator<unsigned short> > >(std::vector<unsigned short, std::allocator<unsigned short> >*, unsigned long, std::vector<unsigned short, std::allocator<unsigned short> > const&) (stl_uninitialized.h:237)
==3777==    by 0x10F645: std::vector<unsigned short, std::allocator<unsigned short> >* std::uninitialized_fill_n<std::vector<unsigned short, std::allocator<unsigned short> >*, unsigned long, std::vector<unsigned short, std::allocator<unsigned short> > >(std::vector<unsigned short, std::allocator<unsigned short> >*, unsigned long, std::vector<unsigned short, std::allocator<unsigned short> > const&) (stl_uninitialized.h:297)
==3777==    by 0x10F316: std::vector<unsigned short, std::allocator<unsigned short> >* std::__uninitialized_fill_n_a<std::vector<unsigned short, std::allocator<unsigned short> >*, unsigned long, std::vector<unsigned short, std::allocator<unsigned short> >, std::vector<unsigned short, std::allocator<unsigned short> > >(std::vector<unsigned short, std::allocator<unsigned short> >*, unsigned long, std::vector<unsigned short, std::allocator<unsigned short> > const&, std::allocator<std::vector<unsigned short, std::allocator<unsigned short> > >&) (stl_uninitialized.h:410)
==3777==    by 0x10EC99: std::vector<std::vector<unsigned short, std::allocator<unsigned short> >, std::allocator<std::vector<unsigned short, std::allocator<unsigned short> > > >::_M_fill_initialize(unsigned long, std::vector<unsigned short, std::allocator<unsigned short> > const&) (stl_vector.h:1596)
==3777== 
==3777== Invalid read of size 2
==3777==    at 0x11229A: solve_TSP_with_dp_fast_v3(std::vector<std::vector<unsigned short, std::allocator<unsigned short> >, std::allocator<std::vector<unsigned short, std::allocator<unsigned short> > > > const&, bool) (Algorithms.cpp:432)
==3777==    by 0x10B21E: solve_fast_v3(std::vector<std::vector<unsigned short, std::allocator<unsigned short> >, std::allocator<std::vector<unsigned short, std::allocator<unsigned short> > > > const&, bool) (main.cpp:102)
==3777==    by 0x10B5E7: main (main.cpp:131)
==3777==  Address 0x4dda032 is 0 bytes after a block of size 2 alloc'd
==3777==    at 0x4849013: operator new(unsigned long) (in /usr/libexec/valgrind/vgpreload_memcheck-amd64-linux.so)
==3777==    by 0x10FCE3: __gnu_cxx::new_allocator<unsigned short>::allocate(unsigned long, void const*) (new_allocator.h:127)
==3777==    by 0x10F88C: allocate (allocator.h:185)
==3777==    by 0x10F88C: std::allocator_traits<std::allocator<unsigned short> >::allocate(std::allocator<unsigned short>&, unsigned long) (alloc_traits.h:464)
==3777==    by 0x10F56B: std::_Vector_base<unsigned short, std::allocator<unsigned short> >::_M_allocate(unsigned long) (stl_vector.h:346)
==3777==    by 0x10F160: std::_Vector_base<unsigned short, std::allocator<unsigned short> >::_M_create_storage(unsigned long) (stl_vector.h:361)
==3777==    by 0x10EAEE: std::_Vector_base<unsigned short, std::allocator<unsigned short> >::_Vector_base(unsigned long, std::allocator<unsigned short> const&) (stl_vector.h:305)
==3777==    by 0x10FE50: std::vector<unsigned short, std::allocator<unsigned short> >::vector(std::vector<unsigned short, std::allocator<unsigned short> > const&) (stl_vector.h:555)
==3777==    by 0x10FBBE: void std::_Construct<std::vector<unsigned short, std::allocator<unsigned short> >, std::vector<unsigned short, std::allocator<unsigned short> > const&>(std::vector<unsigned short, std::allocator<unsigned short> >*, std::vector<unsigned short, std::allocator<unsigned short> > const&) (stl_construct.h:119)
==3777==    by 0x119DF6: std::vector<unsigned short, std::allocator<unsigned short> >* std::__uninitialized_copy<false>::__uninit_copy<__gnu_cxx::__normal_iterator<std::vector<unsigned short, std::allocator<unsigned short> > const*, std::vector<std::vector<unsigned short, std::allocator<unsigned short> >, std::allocator<std::vector<unsigned short, std::allocator<unsigned short> > > > >, std::vector<unsigned short, std::allocator<unsigned short> >*>(__gnu_cxx::__normal_iterator<std::vector<unsigned short, std::allocator<unsigned short> > const*, std::vector<std::vector<unsigned short, std::allocator<unsigned short> >, std::allocator<std::vector<unsigned short, std::allocator<unsigned short> > > > >, __gnu_cxx::__normal_iterator<std::vector<unsigned short, std::allocator<unsigned short> > const*, std::vector<std::vector<unsigned short, std::allocator<unsigned short> >, std::allocator<std::vector<unsigned short, std::allocator<unsigned short> > > > >, std::vector<unsigned short, std::allocator<unsigned short> >*) (stl_uninitialized.h:92)
==3777==    by 0x119124: std::vector<unsigned short, std::allocator<unsigned short> >* std::uninitialized_copy<__gnu_cxx::__normal_iterator<std::vector<unsigned short, std::allocator<unsigned short> > const*, std::vector<std::vector<unsigned short, std::allocator<unsigned short> >, std::allocator<std::vector<unsigned short, std::allocator<unsigned short> > > > >, std::vector<unsigned short, std::allocator<unsigned short> >*>(__gnu_cxx::__normal_iterator<std::vector<unsigned short, std::allocator<unsigned short> > const*, std::vector<std::vector<unsigned short, std::allocator<unsigned short> >, std::allocator<std::vector<unsigned short, std::allocator<unsigned short> > > > >, __gnu_cxx::__normal_iterator<std::vector<unsigned short, std::allocator<unsigned short> > const*, std::vector<std::vector<unsigned short, std::allocator<unsigned short> >, std::allocator<std::vector<unsigned short, std::allocator<unsigned short> > > > >, std::vector<unsigned short, std::allocator<unsigned short> >*) (stl_uninitialized.h:151)
==3777==    by 0x117D15: std::vector<unsigned short, std::allocator<unsigned short> >* std::__uninitialized_copy_a<__gnu_cxx::__normal_iterator<std::vector<unsigned short, std::allocator<unsigned short> > const*, std::vector<std::vector<unsigned short, std::allocator<unsigned short> >, std::allocator<std::vector<unsigned short, std::allocator<unsigned short> > > > >, std::vector<unsigned short, std::allocator<unsigned short> >*, std::vector<unsigned short, std::allocator<unsigned short> > >(__gnu_cxx::__normal_iterator<std::vector<unsigned short, std::allocator<unsigned short> > const*, std::vector<std::vector<unsigned short, std::allocator<unsigned short> >, std::allocator<std::vector<unsigned short, std::allocator<unsigned short> > > > >, __gnu_cxx::__normal_iterator<std::vector<unsigned short, std::allocator<unsigned short> > const*, std::vector<std::vector<unsigned short, std::allocator<unsigned short> >, std::allocator<std::vector<unsigned short, std::allocator<unsigned short> > > > >, std::vector<unsigned short, std::allocator<unsigned short> >*, std::allocator<std::vector<unsigned short, std::allocator<unsigned short> > >&) (stl_uninitialized.h:333)
==3777==    by 0x1161C0: std::vector<unsigned short, std::allocator<unsigned short> >* std::vector<std::vector<unsigned short, std::allocator<unsigned short> >, std::allocator<std::vector<unsigned short, std::allocator<unsigned short> > > >::_M_allocate_and_copy<__gnu_cxx::__normal_iterator<std::vector<unsigned short, std::allocator<unsigned short> > const*, std::vector<std::vector<unsigned short, std::allocator<unsigned short> >, std::allocator<std::vector<unsigned short, std::allocator<unsigned short> > > > > >(unsigned long, __gnu_cxx::__normal_iterator<std::vector<unsigned short, std::allocator<unsigned short> > const*, std::vector<std::vector<unsigned short, std::allocator<unsigned short> >, std::allocator<std::vector<unsigned short, std::allocator<unsigned short> > > > >, __gnu_cxx::__normal_iterator<std::vector<unsigned short, std::allocator<unsigned short> > const*, std::vector<std::vector<unsigned short, std::allocator<unsigned short> >, std::allocator<std::vector<unsigned short, std::allocator<unsigned short> > > > >) (stl_vector.h:1514)
==3777== 
==3777== Invalid read of size 2
==3777==    at 0x1122E4: solve_TSP_with_dp_fast_v3(std::vector<std::vector<unsigned short, std::allocator<unsigned short> >, std::allocator<std::vector<unsigned short, std::allocator<unsigned short> > > > const&, bool) (Algorithms.cpp:437)
==3777==    by 0x10B21E: solve_fast_v3(std::vector<std::vector<unsigned short, std::allocator<unsigned short> >, std::allocator<std::vector<unsigned short, std::allocator<unsigned short> > > > const&, bool) (main.cpp:102)
==3777==    by 0x10B5E7: main (main.cpp:131)
==3777==  Address 0x4dda032 is 0 bytes after a block of size 2 alloc'd
==3777==    at 0x4849013: operator new(unsigned long) (in /usr/libexec/valgrind/vgpreload_memcheck-amd64-linux.so)
==3777==    by 0x10FCE3: __gnu_cxx::new_allocator<unsigned short>::allocate(unsigned long, void const*) (new_allocator.h:127)
==3777==    by 0x10F88C: allocate (allocator.h:185)
==3777==    by 0x10F88C: std::allocator_traits<std::allocator<unsigned short> >::allocate(std::allocator<unsigned short>&, unsigned long) (alloc_traits.h:464)
==3777==    by 0x10F56B: std::_Vector_base<unsigned short, std::allocator<unsigned short> >::_M_allocate(unsigned long) (stl_vector.h:346)
==3777==    by 0x10F160: std::_Vector_base<unsigned short, std::allocator<unsigned short> >::_M_create_storage(unsigned long) (stl_vector.h:361)
==3777==    by 0x10EAEE: std::_Vector_base<unsigned short, std::allocator<unsigned short> >::_Vector_base(unsigned long, std::allocator<unsigned short> const&) (stl_vector.h:305)
==3777==    by 0x10FE50: std::vector<unsigned short, std::allocator<unsigned short> >::vector(std::vector<unsigned short, std::allocator<unsigned short> > const&) (stl_vector.h:555)
==3777==    by 0x10FBBE: void std::_Construct<std::vector<unsigned short, std::allocator<unsigned short> >, std::vector<unsigned short, std::allocator<unsigned short> > const&>(std::vector<unsigned short, std::allocator<unsigned short> >*, std::vector<unsigned short, std::allocator<unsigned short> > const&) (stl_construct.h:119)
==3777==    by 0x119DF6: std::vector<unsigned short, std::allocator<unsigned short> >* std::__uninitialized_copy<false>::__uninit_copy<__gnu_cxx::__normal_iterator<std::vector<unsigned short, std::allocator<unsigned short> > const*, std::vector<std::vector<unsigned short, std::allocator<unsigned short> >, std::allocator<std::vector<unsigned short, std::allocator<unsigned short> > > > >, std::vector<unsigned short, std::allocator<unsigned short> >*>(__gnu_cxx::__normal_iterator<std::vector<unsigned short, std::allocator<unsigned short> > const*, std::vector<std::vector<unsigned short, std::allocator<unsigned short> >, std::allocator<std::vector<unsigned short, std::allocator<unsigned short> > > > >, __gnu_cxx::__normal_iterator<std::vector<unsigned short, std::allocator<unsigned short> > const*, std::vector<std::vector<unsigned short, std::allocator<unsigned short> >, std::allocator<std::vector<unsigned short, std::allocator<unsigned short> > > > >, std::vector<unsigned short, std::allocator<unsigned short> >*) (stl_uninitialized.h:92)
==3777==    by 0x119124: std::vector<unsigned short, std::allocator<unsigned short> >* std::uninitialized_copy<__gnu_cxx::__normal_iterator<std::vector<unsigned short, std::allocator<unsigned short> > const*, std::vector<std::vector<unsigned short, std::allocator<unsigned short> >, std::allocator<std::vector<unsigned short, std::allocator<unsigned short> > > > >, std::vector<unsigned short, std::allocator<unsigned short> >*>(__gnu_cxx::__normal_iterator<std::vector<unsigned short, std::allocator<unsigned short> > const*, std::vector<std::vector<unsigned short, std::allocator<unsigned short> >, std::allocator<std::vector<unsigned short, std::allocator<unsigned short> > > > >, __gnu_cxx::__normal_iterator<std::vector<unsigned short, std::allocator<unsigned short> > const*, std::vector<std::vector<unsigned short, std::allocator<unsigned short> >, std::allocator<std::vector<unsigned short, std::allocator<unsigned short> > > > >, std::vector<unsigned short, std::allocator<unsigned short> >*) (stl_uninitialized.h:151)
==3777==    by 0x117D15: std::vector<unsigned short, std::allocator<unsigned short> >* std::__uninitialized_copy_a<__gnu_cxx::__normal_iterator<std::vector<unsigned short, std::allocator<unsigned short> > const*, std::vector<std::vector<unsigned short, std::allocator<unsigned short> >, std::allocator<std::vector<unsigned short, std::allocator<unsigned short> > > > >, std::vector<unsigned short, std::allocator<unsigned short> >*, std::vector<unsigned short, std::allocator<unsigned short> > >(__gnu_cxx::__normal_iterator<std::vector<unsigned short, std::allocator<unsigned short> > const*, std::vector<std::vector<unsigned short, std::allocator<unsigned short> >, std::allocator<std::vector<unsigned short, std::allocator<unsigned short> > > > >, __gnu_cxx::__normal_iterator<std::vector<unsigned short, std::allocator<unsigned short> > const*, std::vector<std::vector<unsigned short, std::allocator<unsigned short> >, std::allocator<std::vector<unsigned short, std::allocator<unsigned short> > > > >, std::vector<unsigned short, std::allocator<unsigned short> >*, std::allocator<std::vector<unsigned short, std::allocator<unsigned short> > >&) (stl_uninitialized.h:333)
==3777==    by 0x1161C0: std::vector<unsigned short, std::allocator<unsigned short> >* std::vector<std::vector<unsigned short, std::allocator<unsigned short> >, std::allocator<std::vector<unsigned short, std::allocator<unsigned short> > > >::_M_allocate_and_copy<__gnu_cxx::__normal_iterator<std::vector<unsigned short, std::allocator<unsigned short> > const*, std::vector<std::vector<unsigned short, std::allocator<unsigned short> >, std::allocator<std::vector<unsigned short, std::allocator<unsigned short> > > > > >(unsigned long, __gnu_cxx::__normal_iterator<std::vector<unsigned short, std::allocator<unsigned short> > const*, std::vector<std::vector<unsigned short, std::allocator<unsigned short> >, std::allocator<std::vector<unsigned short, std::allocator<unsigned short> > > > >, __gnu_cxx::__normal_iterator<std::vector<unsigned short, std::allocator<unsigned short> > const*, std::vector<std::vector<unsigned short, std::allocator<unsigned short> >, std::allocator<std::vector<unsigned short, std::allocator<unsigned short> > > > >) (stl_vector.h:1514)
==3777== 
==3777== Invalid read of size 8
==3777==    at 0x10E52E: std::vector<unsigned short, std::allocator<unsigned short> >::operator[](unsigned long) (stl_vector.h:1046)
==3777==    by 0x11265B: solve_TSP_with_dp_fast_v3(std::vector<std::vector<unsigned short, std::allocator<unsigned short> >, std::allocator<std::vector<unsigned short, std::allocator<unsigned short> > > > const&, bool) (Algorithms.cpp:476)
==3777==    by 0x10B21E: solve_fast_v3(std::vector<std::vector<unsigned short, std::allocator<unsigned short> >, std::allocator<std::vector<unsigned short, std::allocator<unsigned short> > > > const&, bool) (main.cpp:102)
==3777==    by 0x10B5E7: main (main.cpp:131)
==3777==  Address 0x0 is not stack'd, malloc'd or (recently) free'd
==3777== 
==3777== 
==3777== Process terminating with default action of signal 11 (SIGSEGV)
==3777==  Access not within mapped region at address 0x0
==3777==    at 0x10E52E: std::vector<unsigned short, std::allocator<unsigned short> >::operator[](unsigned long) (stl_vector.h:1046)
==3777==    by 0x11265B: solve_TSP_with_dp_fast_v3(std::vector<std::vector<unsigned short, std::allocator<unsigned short> >, std::allocator<std::vector<unsigned short, std::allocator<unsigned short> > > > const&, bool) (Algorithms.cpp:476)
==3777==    by 0x10B21E: solve_fast_v3(std::vector<std::vector<unsigned short, std::allocator<unsigned short> >, std::allocator<std::vector<unsigned short, std::allocator<unsigned short> > > > const&, bool) (main.cpp:102)
==3777==    by 0x10B5E7: main (main.cpp:131)
==3777==  If you believe this happened as a result of a stack
==3777==  overflow in your program's main thread (unlikely but
==3777==  possible), you can try to increase the size of the
==3777==  main thread stack using the --main-stacksize= flag.
==3777==  The main thread stack size used in this run was 8388608.
==3777== 
==3777== HEAP SUMMARY:
==3777==     in use at exit: 76,937 bytes in 87 blocks
==3777==   total heap usage: 221 allocs, 134 frees, 89,988 bytes allocated
==3777== 
==3777== LEAK SUMMARY:
==3777==    definitely lost: 0 bytes in 0 blocks
==3777==    indirectly lost: 0 bytes in 0 blocks
==3777==      possibly lost: 0 bytes in 0 blocks
==3777==    still reachable: 76,937 bytes in 87 blocks
==3777==         suppressed: 0 bytes in 0 blocks
==3777== Reachable blocks (those to which a pointer was found) are not shown.
==3777== To see them, rerun with: --leak-check=full --show-leak-kinds=all
==3777== 
==3777== For lists of detected and suppressed errors, rerun with: -s
==3777== ERROR SUMMARY: 13 errors from 4 contexts (suppressed: 0 from 0)
